\BOOKMARK [1][-]{section.1}{\376\377\000I\000n\000t\000r\000o\000d\000u\000c\000t\000i\000o\000n}{}% 1
\BOOKMARK [1][-]{section.2}{\376\377\000S\000y\000s\000t\000e\000m\000\040\000M\000o\000d\000e\000l\000\040\000a\000n\000d\000\040\000P\000r\000o\000b\000l\000e\000m\000\040\000F\000o\000r\000m\000u\000l\000a\000t\000i\000o\000n}{}% 2
\BOOKMARK [2][-]{subsection.2.1}{\376\377\000C\000h\000a\000n\000n\000e\000l\000\040\000a\000n\000d\000\040\000P\000r\000o\000p\000a\000g\000a\000t\000i\000o\000n\000\040\000M\000o\000d\000e\000l}{section.2}% 3
\BOOKMARK [2][-]{subsection.2.2}{\376\377\000R\000e\000c\000e\000i\000v\000e\000r\000\040\000M\000o\000b\000i\000l\000i\000t\000y\000\040\000M\000o\000d\000e\000l}{section.2}% 4
\BOOKMARK [2][-]{subsection.2.3}{\376\377\000S\000i\000g\000n\000a\000l\000\040\000F\000o\000r\000m\000u\000l\000a\000t\000i\000o\000n\000\040\000a\000n\000d\000\040\000S\000e\000c\000r\000e\000c\000y\000\040\000R\000a\000t\000e}{section.2}% 5
\BOOKMARK [1][-]{section.3}{\376\377\000D\000e\000e\000p\000\040\000R\000e\000i\000n\000f\000o\000r\000c\000e\000m\000e\000n\000t\000\040\000L\000e\000a\000r\000n\000i\000n\000g\000\040\000F\000r\000a\000m\000e\000w\000o\000r\000k}{}% 6
\BOOKMARK [2][-]{subsection.3.1}{\376\377\000R\000e\000w\000a\000r\000d\000\040\000F\000u\000n\000c\000t\000i\000o\000n\000\040\000D\000e\000c\000o\000m\000p\000o\000s\000i\000t\000i\000o\000n}{section.3}% 7
\BOOKMARK [2][-]{subsection.3.2}{\376\377\000R\000e\000i\000n\000f\000o\000r\000c\000e\000m\000e\000n\000t\000\040\000L\000e\000a\000r\000n\000i\000n\000g\000\040\000A\000l\000g\000o\000r\000i\000t\000h\000m\000s\000\040\000U\000n\000d\000e\000r\000\040\000S\000t\000u\000d\000y}{section.3}% 8
\BOOKMARK [1][-]{section.4}{\376\377\000P\000e\000r\000f\000o\000r\000m\000a\000n\000c\000e\000\040\000E\000v\000a\000l\000u\000a\000t\000i\000o\000n\000\040\000a\000n\000d\000\040\000C\000o\000n\000v\000e\000r\000g\000e\000n\000c\000e\000\040\000A\000n\000a\000l\000y\000s\000i\000s}{}% 9
\BOOKMARK [2][-]{subsection.4.1}{\376\377\000S\000i\000n\000g\000l\000e\000\040\000E\000a\000v\000e\000s\000d\000r\000o\000p\000p\000e\000r\000\040\000M\000o\000d\000e\000l}{section.4}% 10
\BOOKMARK [3][-]{subsubsection.4.1.1}{\376\377\000D\0003\000Q\000N\000\040\000S\000t\000u\000d\000y\000\040\000A\000n\000a\000l\000y\000s\000i\000s}{subsection.4.1}% 11
\BOOKMARK [3][-]{subsubsection.4.1.2}{\376\377\000P\000P\000O\000\040\000S\000t\000u\000d\000y\000\040\000A\000n\000a\000l\000y\000s\000i\000s}{subsection.4.1}% 12
\BOOKMARK [3][-]{subsubsection.4.1.3}{\376\377\000S\000A\000C\000\040\000S\000t\000u\000d\000y\000\040\000A\000n\000a\000l\000y\000s\000i\000s}{subsection.4.1}% 13
\BOOKMARK [3][-]{subsubsection.4.1.4}{\376\377\000T\000D\0003\000P\000G\000\040\000S\000t\000u\000d\000y\000\040\000A\000n\000a\000l\000y\000s\000i\000s}{subsection.4.1}% 14
\BOOKMARK [3][-]{subsubsection.4.1.5}{\376\377\000A\000l\000g\000o\000r\000i\000t\000h\000m\000\040\000C\000o\000m\000p\000a\000r\000i\000s\000o\000n\000\040\000a\000n\000d\000\040\000C\000r\000i\000t\000i\000c\000a\000l\000\040\000I\000n\000s\000i\000g\000h\000t\000s}{subsection.4.1}% 15
\BOOKMARK [2][-]{subsection.4.2}{\376\377\000H\000P\000P\000P\000\040\000M\000u\000l\000t\000i\000-\000E\000a\000v\000e\000s\000d\000r\000o\000p\000p\000e\000r\000\040\000M\000o\000d\000e\000l}{section.4}% 16
\BOOKMARK [3][-]{subsubsection.4.2.1}{\376\377\000D\0003\000Q\000N\000\040\000S\000t\000u\000d\000y\000\040\000A\000n\000a\000l\000y\000s\000i\000s}{subsection.4.2}% 17
\BOOKMARK [3][-]{subsubsection.4.2.2}{\376\377\000P\000P\000O\000\040\000S\000t\000u\000d\000y\000\040\000A\000n\000a\000l\000y\000s\000i\000s}{subsection.4.2}% 18
\BOOKMARK [3][-]{subsubsection.4.2.3}{\376\377\000S\000A\000C\000\040\000S\000t\000u\000d\000y\000\040\000A\000n\000a\000l\000y\000s\000i\000s}{subsection.4.2}% 19
\BOOKMARK [3][-]{subsubsection.4.2.4}{\376\377\000T\000D\0003\000P\000G\000\040\000S\000t\000u\000d\000y\000\040\000A\000n\000a\000l\000y\000s\000i\000s}{subsection.4.2}% 20
\BOOKMARK [3][-]{subsubsection.4.2.5}{\376\377\000A\000l\000g\000o\000r\000i\000t\000h\000m\000\040\000C\000o\000m\000p\000a\000r\000i\000s\000o\000n\000\040\000a\000n\000d\000\040\000C\000r\000i\000t\000i\000c\000a\000l\000\040\000I\000n\000s\000i\000g\000h\000t\000s}{subsection.4.2}% 21
\BOOKMARK [2][-]{subsection.4.3}{\376\377\000I\000m\000p\000a\000c\000t\000\040\000o\000f\000\040\000V\000e\000h\000i\000c\000l\000e\000\040\000R\000e\000c\000e\000i\000v\000e\000r\000\040\000M\000o\000b\000i\000l\000i\000t\000y}{section.4}% 22
\BOOKMARK [3][-]{subsubsection.4.3.1}{\376\377\000A\000l\000g\000o\000r\000i\000t\000h\000m\000\040\000P\000e\000r\000f\000o\000r\000m\000a\000n\000c\000e\000\040\000A\000n\000a\000l\000y\000s\000i\000s}{subsection.4.3}% 23
\BOOKMARK [3][-]{subsubsection.4.3.2}{\376\377\000C\000o\000m\000p\000a\000r\000i\000s\000o\000n\000\040\000w\000i\000t\000h\000\040\000S\000t\000a\000t\000i\000o\000n\000a\000r\000y\000\040\000I\000o\000T\000\040\000R\000e\000c\000e\000i\000v\000e\000r}{subsection.4.3}% 24
\BOOKMARK [3][-]{subsubsection.4.3.3}{\376\377\000K\000e\000y\000\040\000O\000b\000s\000e\000r\000v\000a\000t\000i\000o\000n\000s}{subsection.4.3}% 25
\BOOKMARK [2][-]{subsection.4.4}{\376\377\000I\000m\000p\000a\000c\000t\000\040\000o\000f\000\040\000R\000e\000c\000e\000i\000v\000e\000r\000\040\000M\000o\000b\000i\000l\000i\000t\000y\000\040\000M\000o\000d\000e\000l\000s}{section.4}% 26
\BOOKMARK [1][-]{section.5}{\376\377\000C\000o\000n\000c\000l\000u\000s\000i\000o\000n}{}% 27
\BOOKMARK [1][-]{section*.1}{\376\377\000R\000e\000f\000e\000r\000e\000n\000c\000e\000s}{}% 28
